[1muser: [0m roonbug
/data/aruna_sankaranarayanan/miniconda3/envs/sae/lib/python3.12/site-packages/transformers/utils/hub.py:111: FutureWarning: Using `TRANSFORMERS_CACHE` is deprecated and will be removed in v5 of Transformers. Use `HF_HOME` instead.
  warnings.warn(
/data/aruna_sankaranarayanan/miniconda3/envs/sae/lib/python3.12/site-packages/pydantic/_internal/_generate_schema.py:2249: UnsupportedFieldAttributeWarning: The 'repr' attribute with value False was provided to the `Field()` function, which has no effect in the context it was used. 'repr' is field-specific metadata, and can only be attached to a model field using `Annotated` metadata or by assignment. This may have happened because an `Annotated` type alias using the `type` statement was used, or if the `Field()` function was attached to a single member of a union type.
  warnings.warn(
/data/aruna_sankaranarayanan/miniconda3/envs/sae/lib/python3.12/site-packages/pydantic/_internal/_generate_schema.py:2249: UnsupportedFieldAttributeWarning: The 'frozen' attribute with value True was provided to the `Field()` function, which has no effect in the context it was used. 'frozen' is field-specific metadata, and can only be attached to a model field using `Annotated` metadata or by assignment. This may have happened because an `Annotated` type alias using the `type` statement was used, or if the `Field()` function was attached to a single member of a union type.
  warnings.warn(

=== Compute: google/gemma-3-12b-it ===
Traceback (most recent call last):
  File "/data/aruna_sankaranarayanan/miniconda3/envs/sae/lib/python3.12/site-packages/huggingface_hub/utils/_http.py", line 403, in hf_raise_for_status
    response.raise_for_status()
  File "/data/aruna_sankaranarayanan/miniconda3/envs/sae/lib/python3.12/site-packages/requests/models.py", line 1026, in raise_for_status
    raise HTTPError(http_error_msg, response=self)
requests.exceptions.HTTPError: 403 Client Error: Forbidden for url: https://huggingface.co/google/gemma-3-12b-it/resolve/main/config.json

The above exception was the direct cause of the following exception:

Traceback (most recent call last):
  File "/data/aruna_sankaranarayanan/miniconda3/envs/sae/lib/python3.12/site-packages/huggingface_hub/file_download.py", line 1550, in _get_metadata_or_catch_error
    metadata = get_hf_file_metadata(
               ^^^^^^^^^^^^^^^^^^^^^
  File "/data/aruna_sankaranarayanan/miniconda3/envs/sae/lib/python3.12/site-packages/huggingface_hub/utils/_validators.py", line 114, in _inner_fn
    return fn(*args, **kwargs)
           ^^^^^^^^^^^^^^^^^^^
  File "/data/aruna_sankaranarayanan/miniconda3/envs/sae/lib/python3.12/site-packages/huggingface_hub/file_download.py", line 1467, in get_hf_file_metadata
    r = _request_wrapper(
        ^^^^^^^^^^^^^^^^^
  File "/data/aruna_sankaranarayanan/miniconda3/envs/sae/lib/python3.12/site-packages/huggingface_hub/file_download.py", line 283, in _request_wrapper
    response = _request_wrapper(
               ^^^^^^^^^^^^^^^^^
  File "/data/aruna_sankaranarayanan/miniconda3/envs/sae/lib/python3.12/site-packages/huggingface_hub/file_download.py", line 307, in _request_wrapper
    hf_raise_for_status(response)
  File "/data/aruna_sankaranarayanan/miniconda3/envs/sae/lib/python3.12/site-packages/huggingface_hub/utils/_http.py", line 467, in hf_raise_for_status
    raise _format(HfHubHTTPError, message, response) from e
huggingface_hub.errors.HfHubHTTPError: (Request ID: Root=1-69ff606a-2aac573e609d31a763f02f24;214f568f-9e92-4178-9863-8d4afebb3fde)

403 Forbidden: Please enable access to public gated repositories in your fine-grained token settings to view this repository..
Cannot access content at: https://huggingface.co/google/gemma-3-12b-it/resolve/main/config.json.
Make sure your token has the correct permissions.

The above exception was the direct cause of the following exception:

Traceback (most recent call last):
  File "/data/aruna_sankaranarayanan/miniconda3/envs/sae/lib/python3.12/site-packages/transformers/utils/hub.py", line 478, in cached_files
    hf_hub_download(
  File "/data/aruna_sankaranarayanan/miniconda3/envs/sae/lib/python3.12/site-packages/huggingface_hub/utils/_validators.py", line 114, in _inner_fn
    return fn(*args, **kwargs)
           ^^^^^^^^^^^^^^^^^^^
  File "/data/aruna_sankaranarayanan/miniconda3/envs/sae/lib/python3.12/site-packages/huggingface_hub/file_download.py", line 1014, in hf_hub_download
    return _hf_hub_download_to_cache_dir(
           ^^^^^^^^^^^^^^^^^^^^^^^^^^^^^^
  File "/data/aruna_sankaranarayanan/miniconda3/envs/sae/lib/python3.12/site-packages/huggingface_hub/file_download.py", line 1121, in _hf_hub_download_to_cache_dir
    _raise_on_head_call_error(head_call_error, force_download, local_files_only)
  File "/data/aruna_sankaranarayanan/miniconda3/envs/sae/lib/python3.12/site-packages/huggingface_hub/file_download.py", line 1665, in _raise_on_head_call_error
    raise LocalEntryNotFoundError(
huggingface_hub.errors.LocalEntryNotFoundError: An error happened while trying to locate the file on the Hub and we cannot find the requested files in the local cache. Please check your connection and try again or make sure your Internet connection is on.

The above exception was the direct cause of the following exception:

Traceback (most recent call last):
  File "/data/aruna_sankaranarayanan/SAEScoping/experiments/script_layer_sweep_top_k.py", line 705, in <module>
    main()
  File "/data/aruna_sankaranarayanan/miniconda3/envs/sae/lib/python3.12/site-packages/click/core.py", line 1442, in __call__
    return self.main(*args, **kwargs)
           ^^^^^^^^^^^^^^^^^^^^^^^^^^
  File "/data/aruna_sankaranarayanan/miniconda3/envs/sae/lib/python3.12/site-packages/click/core.py", line 1363, in main
    rv = self.invoke(ctx)
         ^^^^^^^^^^^^^^^^
  File "/data/aruna_sankaranarayanan/miniconda3/envs/sae/lib/python3.12/site-packages/click/core.py", line 1226, in invoke
    return ctx.invoke(self.callback, **ctx.params)
           ^^^^^^^^^^^^^^^^^^^^^^^^^^^^^^^^^^^^^^^
  File "/data/aruna_sankaranarayanan/miniconda3/envs/sae/lib/python3.12/site-packages/click/core.py", line 794, in invoke
    return callback(*args, **kwargs)
           ^^^^^^^^^^^^^^^^^^^^^^^^^
  File "/data/aruna_sankaranarayanan/SAEScoping/experiments/script_layer_sweep_top_k.py", line 697, in main
    run_compute(cfg, domain_list, n_samples, batch_size, dev)
  File "/data/aruna_sankaranarayanan/SAEScoping/experiments/script_layer_sweep_top_k.py", line 174, in run_compute
    tokenizer = AutoTokenizer.from_pretrained(model_name)
                ^^^^^^^^^^^^^^^^^^^^^^^^^^^^^^^^^^^^^^^^^
  File "/data/aruna_sankaranarayanan/miniconda3/envs/sae/lib/python3.12/site-packages/transformers/models/auto/tokenization_auto.py", line 1078, in from_pretrained
    config = AutoConfig.from_pretrained(
             ^^^^^^^^^^^^^^^^^^^^^^^^^^^
  File "/data/aruna_sankaranarayanan/miniconda3/envs/sae/lib/python3.12/site-packages/transformers/models/auto/configuration_auto.py", line 1288, in from_pretrained
    config_dict, unused_kwargs = PretrainedConfig.get_config_dict(pretrained_model_name_or_path, **kwargs)
                                 ^^^^^^^^^^^^^^^^^^^^^^^^^^^^^^^^^^^^^^^^^^^^^^^^^^^^^^^^^^^^^^^^^^^^^^^^^
  File "/data/aruna_sankaranarayanan/miniconda3/envs/sae/lib/python3.12/site-packages/transformers/configuration_utils.py", line 662, in get_config_dict
    config_dict, kwargs = cls._get_config_dict(pretrained_model_name_or_path, **kwargs)
                          ^^^^^^^^^^^^^^^^^^^^^^^^^^^^^^^^^^^^^^^^^^^^^^^^^^^^^^^^^^^^^
  File "/data/aruna_sankaranarayanan/miniconda3/envs/sae/lib/python3.12/site-packages/transformers/configuration_utils.py", line 721, in _get_config_dict
    resolved_config_file = cached_file(
                           ^^^^^^^^^^^^
  File "/data/aruna_sankaranarayanan/miniconda3/envs/sae/lib/python3.12/site-packages/transformers/utils/hub.py", line 321, in cached_file
    file = cached_files(path_or_repo_id=path_or_repo_id, filenames=[filename], **kwargs)
           ^^^^^^^^^^^^^^^^^^^^^^^^^^^^^^^^^^^^^^^^^^^^^^^^^^^^^^^^^^^^^^^^^^^^^^^^^^^^^
  File "/data/aruna_sankaranarayanan/miniconda3/envs/sae/lib/python3.12/site-packages/transformers/utils/hub.py", line 552, in cached_files
    raise OSError(
OSError: We couldn't connect to 'https://huggingface.co' to load the files, and couldn't find them in the cached files.
Check your internet connection or see how to run the library in offline mode at 'https://huggingface.co/docs/transformers/installation#offline-mode'.
