[1muser: [0m arunasank
[1morgs: [0m MIT,mib-bench
/data/aruna_sankaranarayanan/miniconda3/envs/sae/lib/python3.12/site-packages/transformers/utils/hub.py:111: FutureWarning: Using `TRANSFORMERS_CACHE` is deprecated and will be removed in v5 of Transformers. Use `HF_HOME` instead.
  warnings.warn(
/data/aruna_sankaranarayanan/miniconda3/envs/sae/lib/python3.12/site-packages/pydantic/_internal/_generate_schema.py:2249: UnsupportedFieldAttributeWarning: The 'repr' attribute with value False was provided to the `Field()` function, which has no effect in the context it was used. 'repr' is field-specific metadata, and can only be attached to a model field using `Annotated` metadata or by assignment. This may have happened because an `Annotated` type alias using the `type` statement was used, or if the `Field()` function was attached to a single member of a union type.
  warnings.warn(
/data/aruna_sankaranarayanan/miniconda3/envs/sae/lib/python3.12/site-packages/pydantic/_internal/_generate_schema.py:2249: UnsupportedFieldAttributeWarning: The 'frozen' attribute with value True was provided to the `Field()` function, which has no effect in the context it was used. 'frozen' is field-specific metadata, and can only be attached to a model field using `Annotated` metadata or by assignment. This may have happened because an `Annotated` type alias using the `type` statement was used, or if the `Field()` function was attached to a single member of a union type.
  warnings.warn(
`torch_dtype` is deprecated! Use `dtype` instead!

=== Compute: google/gemma-3-12b-it ===
Loading datasets ...
Loading model google/gemma-3-12b-it ...
Loading checkpoint shards:   0%|          | 0/5 [00:00<?, ?it/s]Loading checkpoint shards:  20%|██        | 1/5 [00:00<00:00,  8.16it/s]Loading checkpoint shards: 100%|██████████| 5/5 [00:00<00:00, 24.15it/s]
  Layer  10: computing ['biology', 'chemistry', 'math', 'physics'] ...
    SAE load failed for layer 10: ID layer_10_width_16k_l0_medium not found in release gemma-scope-2-12b-it-res-all. Valid IDs are ['layer_0_width_16k_l0_big', 'layer_0_width_16k_l0_small', 'layer_0_width_262k_l0_big', 'layer_0_width_262k_l0_small', 'layer_10_width_16k_l0_big', ...]. — skipping
  Layer  11: computing ['biology', 'chemistry', 'math', 'physics'] ...
    SAE load failed for layer 11: ID layer_11_width_16k_l0_medium not found in release gemma-scope-2-12b-it-res-all. Valid IDs are ['layer_0_width_16k_l0_big', 'layer_0_width_16k_l0_small', 'layer_0_width_262k_l0_big', 'layer_0_width_262k_l0_small', 'layer_10_width_16k_l0_big', ...]. — skipping
  Layer  12: computing ['biology', 'chemistry', 'math', 'physics'] ...
    SAE load failed for layer 12: ID layer_12_width_16k_l0_medium not found in release gemma-scope-2-12b-it-res-all. Valid IDs are ['layer_0_width_16k_l0_big', 'layer_0_width_16k_l0_small', 'layer_0_width_262k_l0_big', 'layer_0_width_262k_l0_small', 'layer_10_width_16k_l0_big', ...]. — skipping
  Layer  13: computing ['biology', 'chemistry', 'math', 'physics'] ...
    SAE load failed for layer 13: ID layer_13_width_16k_l0_medium not found in release gemma-scope-2-12b-it-res-all. Valid IDs are ['layer_0_width_16k_l0_big', 'layer_0_width_16k_l0_small', 'layer_0_width_262k_l0_big', 'layer_0_width_262k_l0_small', 'layer_10_width_16k_l0_big', ...]. — skipping
  Layer  14: computing ['biology', 'chemistry', 'math', 'physics'] ...
    SAE load failed for layer 14: ID layer_14_width_16k_l0_medium not found in release gemma-scope-2-12b-it-res-all. Valid IDs are ['layer_0_width_16k_l0_big', 'layer_0_width_16k_l0_small', 'layer_0_width_262k_l0_big', 'layer_0_width_262k_l0_small', 'layer_10_width_16k_l0_big', ...]. — skipping
  Layer  15: computing ['biology', 'chemistry', 'math', 'physics'] ...
    SAE load failed for layer 15: ID layer_15_width_16k_l0_medium not found in release gemma-scope-2-12b-it-res-all. Valid IDs are ['layer_0_width_16k_l0_big', 'layer_0_width_16k_l0_small', 'layer_0_width_262k_l0_big', 'layer_0_width_262k_l0_small', 'layer_10_width_16k_l0_big', ...]. — skipping
  Layer  16: computing ['biology', 'chemistry', 'math', 'physics'] ...
    SAE load failed for layer 16: ID layer_16_width_16k_l0_medium not found in release gemma-scope-2-12b-it-res-all. Valid IDs are ['layer_0_width_16k_l0_big', 'layer_0_width_16k_l0_small', 'layer_0_width_262k_l0_big', 'layer_0_width_262k_l0_small', 'layer_10_width_16k_l0_big', ...]. — skipping
  Layer  17: computing ['biology', 'chemistry', 'math', 'physics'] ...
    SAE load failed for layer 17: ID layer_17_width_16k_l0_medium not found in release gemma-scope-2-12b-it-res-all. Valid IDs are ['layer_0_width_16k_l0_big', 'layer_0_width_16k_l0_small', 'layer_0_width_262k_l0_big', 'layer_0_width_262k_l0_small', 'layer_10_width_16k_l0_big', ...]. — skipping
  Layer  18: computing ['biology', 'chemistry', 'math', 'physics'] ...
    SAE load failed for layer 18: ID layer_18_width_16k_l0_medium not found in release gemma-scope-2-12b-it-res-all. Valid IDs are ['layer_0_width_16k_l0_big', 'layer_0_width_16k_l0_small', 'layer_0_width_262k_l0_big', 'layer_0_width_262k_l0_small', 'layer_10_width_16k_l0_big', ...]. — skipping
  Layer  19: computing ['biology', 'chemistry', 'math', 'physics'] ...
    SAE load failed for layer 19: ID layer_19_width_16k_l0_medium not found in release gemma-scope-2-12b-it-res-all. Valid IDs are ['layer_0_width_16k_l0_big', 'layer_0_width_16k_l0_small', 'layer_0_width_262k_l0_big', 'layer_0_width_262k_l0_small', 'layer_10_width_16k_l0_big', ...]. — skipping
