[1muser: [0m arunasank
[1morgs: [0m MIT,mib-bench
/data/aruna_sankaranarayanan/miniconda3/envs/sae/lib/python3.12/site-packages/transformers/utils/hub.py:111: FutureWarning: Using `TRANSFORMERS_CACHE` is deprecated and will be removed in v5 of Transformers. Use `HF_HOME` instead.
  warnings.warn(
/data/aruna_sankaranarayanan/miniconda3/envs/sae/lib/python3.12/site-packages/pydantic/_internal/_generate_schema.py:2249: UnsupportedFieldAttributeWarning: The 'repr' attribute with value False was provided to the `Field()` function, which has no effect in the context it was used. 'repr' is field-specific metadata, and can only be attached to a model field using `Annotated` metadata or by assignment. This may have happened because an `Annotated` type alias using the `type` statement was used, or if the `Field()` function was attached to a single member of a union type.
  warnings.warn(
/data/aruna_sankaranarayanan/miniconda3/envs/sae/lib/python3.12/site-packages/pydantic/_internal/_generate_schema.py:2249: UnsupportedFieldAttributeWarning: The 'frozen' attribute with value True was provided to the `Field()` function, which has no effect in the context it was used. 'frozen' is field-specific metadata, and can only be attached to a model field using `Annotated` metadata or by assignment. This may have happened because an `Annotated` type alias using the `type` statement was used, or if the `Field()` function was attached to a single member of a union type.
  warnings.warn(
`torch_dtype` is deprecated! Use `dtype` instead!

=== Compute: google/gemma-3-12b-it ===
Loading datasets ...
Loading model google/gemma-3-12b-it ...
Loading checkpoint shards:   0%|          | 0/5 [00:00<?, ?it/s]Loading checkpoint shards:  20%|██        | 1/5 [00:00<00:00,  7.35it/s]Loading checkpoint shards: 100%|██████████| 5/5 [00:00<00:00, 23.30it/s]Loading checkpoint shards: 100%|██████████| 5/5 [00:00<00:00, 20.60it/s]
  Layer  20: computing ['biology', 'chemistry', 'math', 'physics'] ...
    SAE load failed for layer 20: ID layer_20_width_16k_l0_medium not found in release gemma-scope-2-12b-it-res-all. Valid IDs are ['layer_0_width_16k_l0_big', 'layer_0_width_16k_l0_small', 'layer_0_width_262k_l0_big', 'layer_0_width_262k_l0_small', 'layer_10_width_16k_l0_big', ...]. — skipping
  Layer  21: computing ['biology', 'chemistry', 'math', 'physics'] ...
    SAE load failed for layer 21: ID layer_21_width_16k_l0_medium not found in release gemma-scope-2-12b-it-res-all. Valid IDs are ['layer_0_width_16k_l0_big', 'layer_0_width_16k_l0_small', 'layer_0_width_262k_l0_big', 'layer_0_width_262k_l0_small', 'layer_10_width_16k_l0_big', ...]. — skipping
  Layer  22: computing ['biology', 'chemistry', 'math', 'physics'] ...
    SAE load failed for layer 22: ID layer_22_width_16k_l0_medium not found in release gemma-scope-2-12b-it-res-all. Valid IDs are ['layer_0_width_16k_l0_big', 'layer_0_width_16k_l0_small', 'layer_0_width_262k_l0_big', 'layer_0_width_262k_l0_small', 'layer_10_width_16k_l0_big', ...]. — skipping
  Layer  23: computing ['biology', 'chemistry', 'math', 'physics'] ...
    SAE load failed for layer 23: ID layer_23_width_16k_l0_medium not found in release gemma-scope-2-12b-it-res-all. Valid IDs are ['layer_0_width_16k_l0_big', 'layer_0_width_16k_l0_small', 'layer_0_width_262k_l0_big', 'layer_0_width_262k_l0_small', 'layer_10_width_16k_l0_big', ...]. — skipping
  Layer  24: computing ['biology', 'chemistry', 'math', 'physics'] ...
    SAE load failed for layer 24: ID layer_24_width_16k_l0_medium not found in release gemma-scope-2-12b-it-res-all. Valid IDs are ['layer_0_width_16k_l0_big', 'layer_0_width_16k_l0_small', 'layer_0_width_262k_l0_big', 'layer_0_width_262k_l0_small', 'layer_10_width_16k_l0_big', ...]. — skipping
  Layer  25: computing ['biology', 'chemistry', 'math', 'physics'] ...
    SAE load failed for layer 25: ID layer_25_width_16k_l0_medium not found in release gemma-scope-2-12b-it-res-all. Valid IDs are ['layer_0_width_16k_l0_big', 'layer_0_width_16k_l0_small', 'layer_0_width_262k_l0_big', 'layer_0_width_262k_l0_small', 'layer_10_width_16k_l0_big', ...]. — skipping
  Layer  26: computing ['biology', 'chemistry', 'math', 'physics'] ...
    SAE load failed for layer 26: ID layer_26_width_16k_l0_medium not found in release gemma-scope-2-12b-it-res-all. Valid IDs are ['layer_0_width_16k_l0_big', 'layer_0_width_16k_l0_small', 'layer_0_width_262k_l0_big', 'layer_0_width_262k_l0_small', 'layer_10_width_16k_l0_big', ...]. — skipping
  Layer  27: computing ['biology', 'chemistry', 'math', 'physics'] ...
    SAE load failed for layer 27: ID layer_27_width_16k_l0_medium not found in release gemma-scope-2-12b-it-res-all. Valid IDs are ['layer_0_width_16k_l0_big', 'layer_0_width_16k_l0_small', 'layer_0_width_262k_l0_big', 'layer_0_width_262k_l0_small', 'layer_10_width_16k_l0_big', ...]. — skipping
  Layer  28: computing ['biology', 'chemistry', 'math', 'physics'] ...
    SAE load failed for layer 28: ID layer_28_width_16k_l0_medium not found in release gemma-scope-2-12b-it-res-all. Valid IDs are ['layer_0_width_16k_l0_big', 'layer_0_width_16k_l0_small', 'layer_0_width_262k_l0_big', 'layer_0_width_262k_l0_small', 'layer_10_width_16k_l0_big', ...]. — skipping
  Layer  29: computing ['biology', 'chemistry', 'math', 'physics'] ...
    SAE load failed for layer 29: ID layer_29_width_16k_l0_medium not found in release gemma-scope-2-12b-it-res-all. Valid IDs are ['layer_0_width_16k_l0_big', 'layer_0_width_16k_l0_small', 'layer_0_width_262k_l0_big', 'layer_0_width_262k_l0_small', 'layer_10_width_16k_l0_big', ...]. — skipping
