[1muser: [0m arunasank
[1morgs: [0m MIT,mib-bench
/data/aruna_sankaranarayanan/miniconda3/envs/sae/lib/python3.12/site-packages/transformers/utils/hub.py:111: FutureWarning: Using `TRANSFORMERS_CACHE` is deprecated and will be removed in v5 of Transformers. Use `HF_HOME` instead.
  warnings.warn(
/data/aruna_sankaranarayanan/miniconda3/envs/sae/lib/python3.12/site-packages/pydantic/_internal/_generate_schema.py:2249: UnsupportedFieldAttributeWarning: The 'repr' attribute with value False was provided to the `Field()` function, which has no effect in the context it was used. 'repr' is field-specific metadata, and can only be attached to a model field using `Annotated` metadata or by assignment. This may have happened because an `Annotated` type alias using the `type` statement was used, or if the `Field()` function was attached to a single member of a union type.
  warnings.warn(
/data/aruna_sankaranarayanan/miniconda3/envs/sae/lib/python3.12/site-packages/pydantic/_internal/_generate_schema.py:2249: UnsupportedFieldAttributeWarning: The 'frozen' attribute with value True was provided to the `Field()` function, which has no effect in the context it was used. 'frozen' is field-specific metadata, and can only be attached to a model field using `Annotated` metadata or by assignment. This may have happened because an `Annotated` type alias using the `type` statement was used, or if the `Field()` function was attached to a single member of a union type.
  warnings.warn(
`torch_dtype` is deprecated! Use `dtype` instead!

=== Compute: google/gemma-3-12b-it ===
Loading datasets ...
Loading model google/gemma-3-12b-it ...
Loading checkpoint shards:   0%|          | 0/5 [00:00<?, ?it/s]Loading checkpoint shards:  20%|██        | 1/5 [00:00<00:00,  8.27it/s]Loading checkpoint shards: 100%|██████████| 5/5 [00:00<00:00, 24.57it/s]
  Layer  30: computing ['biology', 'chemistry', 'math', 'physics'] ...
    SAE load failed for layer 30: ID layer_30_width_16k_l0_medium not found in release gemma-scope-2-12b-it-res-all. Valid IDs are ['layer_0_width_16k_l0_big', 'layer_0_width_16k_l0_small', 'layer_0_width_262k_l0_big', 'layer_0_width_262k_l0_small', 'layer_10_width_16k_l0_big', ...]. — skipping
  Layer  31: computing ['biology', 'chemistry', 'math', 'physics'] ...
    SAE load failed for layer 31: ID layer_31_width_16k_l0_medium not found in release gemma-scope-2-12b-it-res-all. Valid IDs are ['layer_0_width_16k_l0_big', 'layer_0_width_16k_l0_small', 'layer_0_width_262k_l0_big', 'layer_0_width_262k_l0_small', 'layer_10_width_16k_l0_big', ...]. — skipping
  Layer  32: computing ['biology', 'chemistry', 'math', 'physics'] ...
    SAE load failed for layer 32: ID layer_32_width_16k_l0_medium not found in release gemma-scope-2-12b-it-res-all. Valid IDs are ['layer_0_width_16k_l0_big', 'layer_0_width_16k_l0_small', 'layer_0_width_262k_l0_big', 'layer_0_width_262k_l0_small', 'layer_10_width_16k_l0_big', ...]. — skipping
  Layer  33: computing ['biology', 'chemistry', 'math', 'physics'] ...
    SAE load failed for layer 33: ID layer_33_width_16k_l0_medium not found in release gemma-scope-2-12b-it-res-all. Valid IDs are ['layer_0_width_16k_l0_big', 'layer_0_width_16k_l0_small', 'layer_0_width_262k_l0_big', 'layer_0_width_262k_l0_small', 'layer_10_width_16k_l0_big', ...]. — skipping
  Layer  34: computing ['biology', 'chemistry', 'math', 'physics'] ...
    SAE load failed for layer 34: ID layer_34_width_16k_l0_medium not found in release gemma-scope-2-12b-it-res-all. Valid IDs are ['layer_0_width_16k_l0_big', 'layer_0_width_16k_l0_small', 'layer_0_width_262k_l0_big', 'layer_0_width_262k_l0_small', 'layer_10_width_16k_l0_big', ...]. — skipping
  Layer  35: computing ['biology', 'chemistry', 'math', 'physics'] ...
    SAE load failed for layer 35: ID layer_35_width_16k_l0_medium not found in release gemma-scope-2-12b-it-res-all. Valid IDs are ['layer_0_width_16k_l0_big', 'layer_0_width_16k_l0_small', 'layer_0_width_262k_l0_big', 'layer_0_width_262k_l0_small', 'layer_10_width_16k_l0_big', ...]. — skipping
  Layer  36: computing ['biology', 'chemistry', 'math', 'physics'] ...
    SAE load failed for layer 36: ID layer_36_width_16k_l0_medium not found in release gemma-scope-2-12b-it-res-all. Valid IDs are ['layer_0_width_16k_l0_big', 'layer_0_width_16k_l0_small', 'layer_0_width_262k_l0_big', 'layer_0_width_262k_l0_small', 'layer_10_width_16k_l0_big', ...]. — skipping
  Layer  37: computing ['biology', 'chemistry', 'math', 'physics'] ...
    SAE load failed for layer 37: ID layer_37_width_16k_l0_medium not found in release gemma-scope-2-12b-it-res-all. Valid IDs are ['layer_0_width_16k_l0_big', 'layer_0_width_16k_l0_small', 'layer_0_width_262k_l0_big', 'layer_0_width_262k_l0_small', 'layer_10_width_16k_l0_big', ...]. — skipping
  Layer  38: computing ['biology', 'chemistry', 'math', 'physics'] ...
    SAE load failed for layer 38: ID layer_38_width_16k_l0_medium not found in release gemma-scope-2-12b-it-res-all. Valid IDs are ['layer_0_width_16k_l0_big', 'layer_0_width_16k_l0_small', 'layer_0_width_262k_l0_big', 'layer_0_width_262k_l0_small', 'layer_10_width_16k_l0_big', ...]. — skipping
  Layer  39: computing ['biology', 'chemistry', 'math', 'physics'] ...
    SAE load failed for layer 39: ID layer_39_width_16k_l0_medium not found in release gemma-scope-2-12b-it-res-all. Valid IDs are ['layer_0_width_16k_l0_big', 'layer_0_width_16k_l0_small', 'layer_0_width_262k_l0_big', 'layer_0_width_262k_l0_small', 'layer_10_width_16k_l0_big', ...]. — skipping
