/data/aruna_sankaranarayanan/miniconda3/envs/sae/lib/python3.12/site-packages/transformers/utils/hub.py:111: FutureWarning: Using `TRANSFORMERS_CACHE` is deprecated and will be removed in v5 of Transformers. Use `HF_HOME` instead.
  warnings.warn(
/data/aruna_sankaranarayanan/miniconda3/envs/sae/lib/python3.12/site-packages/pydantic/_internal/_generate_schema.py:2249: UnsupportedFieldAttributeWarning: The 'repr' attribute with value False was provided to the `Field()` function, which has no effect in the context it was used. 'repr' is field-specific metadata, and can only be attached to a model field using `Annotated` metadata or by assignment. This may have happened because an `Annotated` type alias using the `type` statement was used, or if the `Field()` function was attached to a single member of a union type.
  warnings.warn(
/data/aruna_sankaranarayanan/miniconda3/envs/sae/lib/python3.12/site-packages/pydantic/_internal/_generate_schema.py:2249: UnsupportedFieldAttributeWarning: The 'frozen' attribute with value True was provided to the `Field()` function, which has no effect in the context it was used. 'frozen' is field-specific metadata, and can only be attached to a model field using `Annotated` metadata or by assignment. This may have happened because an `Annotated` type alias using the `type` statement was used, or if the `Field()` function was attached to a single member of a union type.
  warnings.warn(
Auto-resolved firing rates: /data/aruna_sankaranarayanan/SAEScoping/experiments/.cache/stemqa_chemistry/ignore_padding_True/google--gemma-2-9b-it/layer_31--width_16k--canonical/firing_rates.safetensors
Loading dataset 'walledai/AdvBench' (split=train) ...
  50 examples loaded.
Loading model 'google/gemma-2-19b-it' ...
Traceback (most recent call last):
  File "/data/aruna_sankaranarayanan/miniconda3/envs/sae/lib/python3.12/site-packages/huggingface_hub/utils/_http.py", line 403, in hf_raise_for_status
    response.raise_for_status()
  File "/data/aruna_sankaranarayanan/miniconda3/envs/sae/lib/python3.12/site-packages/requests/models.py", line 1026, in raise_for_status
    raise HTTPError(http_error_msg, response=self)
requests.exceptions.HTTPError: 404 Client Error: Not Found for url: https://huggingface.co/google/gemma-2-19b-it/resolve/main/tokenizer_config.json

The above exception was the direct cause of the following exception:

Traceback (most recent call last):
  File "/data/aruna_sankaranarayanan/miniconda3/envs/sae/lib/python3.12/site-packages/transformers/utils/hub.py", line 478, in cached_files
    hf_hub_download(
  File "/data/aruna_sankaranarayanan/miniconda3/envs/sae/lib/python3.12/site-packages/huggingface_hub/utils/_validators.py", line 114, in _inner_fn
    return fn(*args, **kwargs)
           ^^^^^^^^^^^^^^^^^^^
  File "/data/aruna_sankaranarayanan/miniconda3/envs/sae/lib/python3.12/site-packages/huggingface_hub/file_download.py", line 1014, in hf_hub_download
    return _hf_hub_download_to_cache_dir(
           ^^^^^^^^^^^^^^^^^^^^^^^^^^^^^^
  File "/data/aruna_sankaranarayanan/miniconda3/envs/sae/lib/python3.12/site-packages/huggingface_hub/file_download.py", line 1121, in _hf_hub_download_to_cache_dir
    _raise_on_head_call_error(head_call_error, force_download, local_files_only)
  File "/data/aruna_sankaranarayanan/miniconda3/envs/sae/lib/python3.12/site-packages/huggingface_hub/file_download.py", line 1662, in _raise_on_head_call_error
    raise head_call_error
  File "/data/aruna_sankaranarayanan/miniconda3/envs/sae/lib/python3.12/site-packages/huggingface_hub/file_download.py", line 1550, in _get_metadata_or_catch_error
    metadata = get_hf_file_metadata(
               ^^^^^^^^^^^^^^^^^^^^^
  File "/data/aruna_sankaranarayanan/miniconda3/envs/sae/lib/python3.12/site-packages/huggingface_hub/utils/_validators.py", line 114, in _inner_fn
    return fn(*args, **kwargs)
           ^^^^^^^^^^^^^^^^^^^
  File "/data/aruna_sankaranarayanan/miniconda3/envs/sae/lib/python3.12/site-packages/huggingface_hub/file_download.py", line 1467, in get_hf_file_metadata
    r = _request_wrapper(
        ^^^^^^^^^^^^^^^^^
  File "/data/aruna_sankaranarayanan/miniconda3/envs/sae/lib/python3.12/site-packages/huggingface_hub/file_download.py", line 283, in _request_wrapper
    response = _request_wrapper(
               ^^^^^^^^^^^^^^^^^
  File "/data/aruna_sankaranarayanan/miniconda3/envs/sae/lib/python3.12/site-packages/huggingface_hub/file_download.py", line 307, in _request_wrapper
    hf_raise_for_status(response)
  File "/data/aruna_sankaranarayanan/miniconda3/envs/sae/lib/python3.12/site-packages/huggingface_hub/utils/_http.py", line 453, in hf_raise_for_status
    raise _format(RepositoryNotFoundError, message, response) from e
huggingface_hub.errors.RepositoryNotFoundError: 404 Client Error. (Request ID: Root=1-69e7abc0-5a04de8c0425155f3877cb01;18bf781e-85d9-4fa6-a47e-4c406fade7bd)

Repository Not Found for url: https://huggingface.co/google/gemma-2-19b-it/resolve/main/tokenizer_config.json.
Please make sure you specified the correct `repo_id` and `repo_type`.
If you are trying to access a private or gated repo, make sure you are authenticated. For more details, see https://huggingface.co/docs/huggingface_hub/authentication

The above exception was the direct cause of the following exception:

Traceback (most recent call last):
  File "/data/aruna_sankaranarayanan/SAEScoping/experiments/script_gcg_attack.py", line 447, in <module>
    main()
  File "/data/aruna_sankaranarayanan/miniconda3/envs/sae/lib/python3.12/site-packages/click/core.py", line 1442, in __call__
    return self.main(*args, **kwargs)
           ^^^^^^^^^^^^^^^^^^^^^^^^^^
  File "/data/aruna_sankaranarayanan/miniconda3/envs/sae/lib/python3.12/site-packages/click/core.py", line 1363, in main
    rv = self.invoke(ctx)
         ^^^^^^^^^^^^^^^^
  File "/data/aruna_sankaranarayanan/miniconda3/envs/sae/lib/python3.12/site-packages/click/core.py", line 1226, in invoke
    return ctx.invoke(self.callback, **ctx.params)
           ^^^^^^^^^^^^^^^^^^^^^^^^^^^^^^^^^^^^^^^
  File "/data/aruna_sankaranarayanan/miniconda3/envs/sae/lib/python3.12/site-packages/click/core.py", line 794, in invoke
    return callback(*args, **kwargs)
           ^^^^^^^^^^^^^^^^^^^^^^^^^
  File "/data/aruna_sankaranarayanan/SAEScoping/experiments/script_gcg_attack.py", line 300, in main
    tokenizer = AutoTokenizer.from_pretrained(model_id)
                ^^^^^^^^^^^^^^^^^^^^^^^^^^^^^^^^^^^^^^^
  File "/data/aruna_sankaranarayanan/miniconda3/envs/sae/lib/python3.12/site-packages/transformers/models/auto/tokenization_auto.py", line 1058, in from_pretrained
    tokenizer_config = get_tokenizer_config(pretrained_model_name_or_path, **kwargs)
                       ^^^^^^^^^^^^^^^^^^^^^^^^^^^^^^^^^^^^^^^^^^^^^^^^^^^^^^^^^^^^^
  File "/data/aruna_sankaranarayanan/miniconda3/envs/sae/lib/python3.12/site-packages/transformers/models/auto/tokenization_auto.py", line 890, in get_tokenizer_config
    resolved_config_file = cached_file(
                           ^^^^^^^^^^^^
  File "/data/aruna_sankaranarayanan/miniconda3/envs/sae/lib/python3.12/site-packages/transformers/utils/hub.py", line 321, in cached_file
    file = cached_files(path_or_repo_id=path_or_repo_id, filenames=[filename], **kwargs)
           ^^^^^^^^^^^^^^^^^^^^^^^^^^^^^^^^^^^^^^^^^^^^^^^^^^^^^^^^^^^^^^^^^^^^^^^^^^^^^
  File "/data/aruna_sankaranarayanan/miniconda3/envs/sae/lib/python3.12/site-packages/transformers/utils/hub.py", line 510, in cached_files
    raise OSError(
OSError: google/gemma-2-19b-it is not a local folder and is not a valid model identifier listed on 'https://huggingface.co/models'
If this is a private repository, make sure to pass a token having permission to this repo either by logging in with `hf auth login` or by passing `token=<your_token>`
