/data/aruna_sankaranarayanan/miniconda3/envs/sae/lib/python3.12/site-packages/pydantic/_internal/_generate_schema.py:2249: UnsupportedFieldAttributeWarning: The 'repr' attribute with value False was provided to the `Field()` function, which has no effect in the context it was used. 'repr' is field-specific metadata, and can only be attached to a model field using `Annotated` metadata or by assignment. This may have happened because an `Annotated` type alias using the `type` statement was used, or if the `Field()` function was attached to a single member of a union type.
  warnings.warn(
/data/aruna_sankaranarayanan/miniconda3/envs/sae/lib/python3.12/site-packages/pydantic/_internal/_generate_schema.py:2249: UnsupportedFieldAttributeWarning: The 'frozen' attribute with value True was provided to the `Field()` function, which has no effect in the context it was used. 'frozen' is field-specific metadata, and can only be attached to a model field using `Annotated` metadata or by assignment. This may have happened because an `Annotated` type alias using the `type` statement was used, or if the `Field()` function was attached to a single member of a union type.
  warnings.warn(
/data/aruna_sankaranarayanan/miniconda3/envs/sae/lib/python3.12/site-packages/transformers/utils/hub.py:111: FutureWarning: Using `TRANSFORMERS_CACHE` is deprecated and will be removed in v5 of Transformers. Use `HF_HOME` instead.
  warnings.warn(
/data/aruna_sankaranarayanan/miniconda3/envs/sae/lib/python3.12/site-packages/torch/cuda/__init__.py:180: UserWarning: CUDA initialization: The NVIDIA driver on your system is too old (found version 12080). Please update your GPU driver by downloading and installing a new version from the URL: http://www.nvidia.com/Download/index.aspx Alternatively, go to: https://pytorch.org to install a PyTorch version that has been compiled with your version of the CUDA driver. (Triggered internally at /pytorch/c10/cuda/CUDAFunctions.cpp:119.)
  return torch._C._cuda_getDeviceCount() > 0
/data/aruna_sankaranarayanan/miniconda3/envs/sae/lib/python3.12/site-packages/beartype/_util/hint/pep/utilpeptest.py:339: BeartypeDecorHintPep585DeprecationWarning: PEP 484 type hint typing.Iterator[str] deprecated by PEP 585. This hint is scheduled for removal in the first Python version released after October 5th, 2025. To resolve this, import this hint from "beartype.typing" rather than "typing". For further commentary and alternatives, see also:
    https://beartype.readthedocs.io/en/latest/api_roar/#pep-585-deprecations
  warn(
/data/aruna_sankaranarayanan/miniconda3/envs/sae/lib/python3.12/site-packages/beartype/_util/hint/pep/utilpeptest.py:339: BeartypeDecorHintPep585DeprecationWarning: PEP 484 type hint typing.Callable[[pandas.core.frame.DataFrame], float] deprecated by PEP 585. This hint is scheduled for removal in the first Python version released after October 5th, 2025. To resolve this, import this hint from "beartype.typing" rather than "typing". For further commentary and alternatives, see also:
    https://beartype.readthedocs.io/en/latest/api_roar/#pep-585-deprecations
  warn(
`torch_dtype` is deprecated! Use `dtype` instead!
Loading tokenizer from google/gemma-3-12b-it...
Loading model from google/gemma-3-12b-it
Fetching 5 files:   0%|          | 0/5 [00:00<?, ?it/s]Fetching 5 files:  20%|██        | 1/5 [00:36<02:27, 36.88s/it]Fetching 5 files:  80%|████████  | 4/5 [00:37<00:07,  7.13s/it]Fetching 5 files: 100%|██████████| 5/5 [00:37<00:00,  7.49s/it]
Traceback (most recent call last):
  File "/data/aruna_sankaranarayanan/SAEScoping/experiments/script_scoping_pipeline_stemqa.py", line 856, in <module>
    main()
  File "/data/aruna_sankaranarayanan/miniconda3/envs/sae/lib/python3.12/site-packages/click/core.py", line 1442, in __call__
    return self.main(*args, **kwargs)
           ^^^^^^^^^^^^^^^^^^^^^^^^^^
  File "/data/aruna_sankaranarayanan/miniconda3/envs/sae/lib/python3.12/site-packages/click/core.py", line 1363, in main
    rv = self.invoke(ctx)
         ^^^^^^^^^^^^^^^^
  File "/data/aruna_sankaranarayanan/miniconda3/envs/sae/lib/python3.12/site-packages/click/core.py", line 1226, in invoke
    return ctx.invoke(self.callback, **ctx.params)
           ^^^^^^^^^^^^^^^^^^^^^^^^^^^^^^^^^^^^^^^
  File "/data/aruna_sankaranarayanan/miniconda3/envs/sae/lib/python3.12/site-packages/click/core.py", line 794, in invoke
    return callback(*args, **kwargs)
           ^^^^^^^^^^^^^^^^^^^^^^^^^
  File "/data/aruna_sankaranarayanan/SAEScoping/experiments/script_scoping_pipeline_stemqa.py", line 581, in main
    model = AutoModelForCausalLM.from_pretrained(
            ^^^^^^^^^^^^^^^^^^^^^^^^^^^^^^^^^^^^^
  File "/data/aruna_sankaranarayanan/miniconda3/envs/sae/lib/python3.12/site-packages/transformers/models/auto/auto_factory.py", line 604, in from_pretrained
    return model_class.from_pretrained(
           ^^^^^^^^^^^^^^^^^^^^^^^^^^^^
  File "/data/aruna_sankaranarayanan/miniconda3/envs/sae/lib/python3.12/site-packages/transformers/modeling_utils.py", line 288, in _wrapper
    return func(*args, **kwargs)
           ^^^^^^^^^^^^^^^^^^^^^
  File "/data/aruna_sankaranarayanan/miniconda3/envs/sae/lib/python3.12/site-packages/transformers/modeling_utils.py", line 5176, in from_pretrained
    ) = cls._load_pretrained_model(
        ^^^^^^^^^^^^^^^^^^^^^^^^^^^
  File "/data/aruna_sankaranarayanan/miniconda3/envs/sae/lib/python3.12/site-packages/transformers/modeling_utils.py", line 5597, in _load_pretrained_model
    caching_allocator_warmup(model_to_load, expanded_device_map, hf_quantizer)
  File "/data/aruna_sankaranarayanan/miniconda3/envs/sae/lib/python3.12/site-packages/transformers/modeling_utils.py", line 6215, in caching_allocator_warmup
    index = device.index if device.index is not None else torch_accelerator_module.current_device()
                                                          ^^^^^^^^^^^^^^^^^^^^^^^^^^^^^^^^^^^^^^^^^
  File "/data/aruna_sankaranarayanan/miniconda3/envs/sae/lib/python3.12/site-packages/torch/cuda/__init__.py", line 1148, in current_device
    _lazy_init()
  File "/data/aruna_sankaranarayanan/miniconda3/envs/sae/lib/python3.12/site-packages/torch/cuda/__init__.py", line 478, in _lazy_init
    torch._C._cuda_init()
RuntimeError: The NVIDIA driver on your system is too old (found version 12080). Please update your GPU driver by downloading and installing a new version from the URL: http://www.nvidia.com/Download/index.aspx Alternatively, go to: https://pytorch.org to install a PyTorch version that has been compiled with your version of the CUDA driver.
